// Jest Snapshot v1, https://goo.gl/fbAQLP

exports[`App component renders the UI as expected 1`] = `
<ContextConsumer>
  <Component />
</ContextConsumer>
`;
